FROM xibo-linux

RUN apt-get install -y snapcraft

ENV LC_ALL C.UTF-8
ENV SNAPCRAFT_SETUP_CORE 1

CMD []
